1 http://www.cs.utexas.edu/users/cad/partition.html
2 http://wwwhost.cc.utexas.edu/research/funding/privfund.html
3 http://www.utexas.edu/students/lcm/
4 http://www.cs.utexas.edu/users/chaput/inter.html
5 http://www.cs.utexas.edu/users/hseuping/cst.html
6 http://www.ticam.utexas.edu/Groups/Composites/index.html
7 http://www.cs.utexas.edu/users/dastuart/tempjdir/jokes/jokes.html
8 http://www.cs.utexas.edu/users/code/code-publications
9 http://www.cs.utexas.edu/users/dahlin/Classes/WebOS/reading.html
10 http://www.cs.utexas.edu/users/ndale/student.htm
11 http://www.cs.utexas.edu/users/bogo/
12 http://www.cs.utexas.edu/users/yufeng/cs378.html
13 http://www.cs.utexas.edu/users/cad/hiperf.html
14 http://www.cs.utexas.edu/users/jbednar/
15 ftp://ftp.cs.utexas.edu/pub/bshults/ATP-tech-reports/INDEX.html
16 http://www.cs.utexas.edu/users/ccp/
17 http://www.cs.utexas.edu/users/almstrum/classes/cs336/fall96/syllabus.html
18 http://www.cs.utexas.edu/users/dwip/cs304p/discussions.html
19 http://www.cs.utexas.edu/users/oops/papers.html
20 http://www.cs.utexas.edu/users/lavender/CS378/Fall96/announce.html
21 http://www.cs.utexas.edu/users/ml/theory-rev.html
22 http://www.cs.utexas.edu/users/schwartz/
23 http://www.utexas.edu/student/registrar/aboutscheds.html
24 http://wwwhost.cc.utexas.edu/research/units/
25 http://www.cs.utexas.edu/users/ml/its.html
26 http://www.cs.utexas.edu/users/ml/uncertain.html
27 http://www.cs.utexas.edu/users/vurgun/
28 http://www.cs.utexas.edu/users/wylee/spot-description.html
29 http://www.cs.utexas.edu/users/browne/
30 http://www.cs.utexas.edu/users/bayardo/papers.html
31 http://www.cs.utexas.edu/users/dahlin/Classes/WebOS/
32 http://www.cs.utexas.edu/users/UTCS/report/1994/profiles/jwerth.html
33 http://www.cs.utexas.edu/users/miranker/395t/web-programming.html
34 http://www.cs.utexas.edu/users/lam/NRL/ipatm.html
35 http://www.cs.utexas.edu/users/novak/cs306asg03.html
36 http://www.cs.utexas.edu/users/rvdg/software.html
37 http://www.cs.utexas.edu/users/estlin/pubs.html
38 http://www.cs.utexas.edu/users/code/
39 http://www.cs.utexas.edu/users/dastuart/places/
40 http://www.cs.utexas.edu/users/dmcl/
41 http://www.cs.utexas.edu/users/dmcl/papers.html
42 http://www.cs.utexas.edu/users/nl-acq/prop-papers.html
43 http://wwwhost.cc.utexas.edu/research/propdev/index.html
44 http://www.cs.utexas.edu/users/qr/algy/acl43.html
45 http://www.cs.utexas.edu/users/boyer/students.html
46 http://www.cs.utexas.edu/users/suzy/cs304p/index.html
47 http://www.cs.utexas.edu/users/ml/forte.html
48 http://www.cs.utexas.edu/users/cpg/RTS/
49 http://www.cs.utexas.edu/users/qr/whats-new.html
50 http://www.cs.utexas.edu/users/vin/cs395t.html
51 http://www.cs.utexas.edu/users/cthomp/pubs.html
52 http://www.cs.utexas.edu/users/sfkaplan/bio.html
53 http://www.cs.utexas.edu/users/hewett/personal.html
54 http://www.cs.utexas.edu/users/hiep/dev/place.html
55 http://www.cs.utexas.edu/users/luxue/class.html
56 http://www.cs.utexas.edu/users/markj/funstuff.html
57 http://www.cs.utexas.edu/users/syu/
58 http://www.cs.utexas.edu/users/tarun/
59 http://www.cs.utexas.edu/users/UTCS/courses/Fall96
60 http://www.cs.utexas.edu/users/wylee/guitars.html
61 http://www.cs.utexas.edu/users/yuanjing/
62 http://www.cs.utexas.edu/users/kornerup/cs105/
63 http://www.cs.utexas.edu/users/kharker/work.html
64 http://www.cs.utexas.edu/users/vbb/
65 http://wwwhost.cc.utexas.edu/research/osp/gaf.html
66 http://www.utexas.edu/teamweb
67 http://www.ma.utexas.edu/users/bshults/IPR/atp.html
68 http://www.cs.utexas.edu/users/nn/web-pubs/htmlbook96/
69 http://www.cs.utexas.edu/users/nl-acq/paper-history.html
70 http://wwwhost.utexas.edu/maps/main/overview/
71 http://www.cs.utexas.edu/users/rupert/intro.html
72 http://www.cs.utexas.edu/users/ml/abstracts.html
73 http://www.cs.utexas.edu/users/schwartz/pub.htm
74 http://www.cs.utexas.edu/users/boyer/fp/
75 http://www.cs.utexas.edu/users/dwip/cs304p/description.html
76 http://www.cs.utexas.edu/users/lin/
77 http://www.cs.utexas.edu/users/rvdg/workshop.html
78 http://www.cs.utexas.edu/users/skumar/
79 ftp://ftp.cs.utexas.edu/pub/garbage/cs345/schintro-v11/schintro_toc.html
80 http://www.cs.utexas.edu/users/ml/qr.html
81 http://www.cs.utexas.edu/users/vin/
82 http://www.cs.utexas.edu/users/bert/my-papers.html
83 http://www.cs.utexas.edu/users/novak/
84 http://www.cs.utexas.edu/users/qr/abstracts.html
85 http://www.cs.utexas.edu/users/jadair/
86 http://www.cs.utexas.edu/users/xguo/
87 http://www.cs.utexas.edu/users/cnchu/
88 http://www.cs.utexas.edu/users/dane/
89 http://www.cs.utexas.edu/users/haizhou/industry.html
90 http://www.cs.utexas.edu/users/jfang/
91 http://www.cs.utexas.edu/users/lavender/stl/index.html
92 http://www.cs.utexas.edu/users/markng/points.html
93 http://www.cs.utexas.edu/users/ml/speedup.html
94 http://www.cs.utexas.edu/users/novak/cgi/lispserver
95 http://www.cs.utexas.edu/users/suzy/cs304p/ta-list.html
96 http://www.cs.utexas.edu/users/UTCS/courses/Spring97
97 http://www.cs.utexas.edu/users/young/
98 http://www.cs.utexas.edu/users/ckwong/
99 http://www.cs.utexas.edu/users/vlr/
100 http://cism.bus.utexas.edu
101 http://www.cs.utexas.edu/users/psp/notesunity.html
102 http://www.cs.utexas.edu/users/ai-lab/dream.html
103 http://www.cs.utexas.edu/users/schwartz/proj.htm
104 http://www.cs.utexas.edu/users/ml/foidl.html
105 http://www.cs.utexas.edu/users/kistler/
106 http://www.cs.utexas.edu/users/ml/nl.html
107 http://www.cs.utexas.edu/users/rtan/dfr.html
108 http://www.cs.utexas.edu/users/dahlin/Classes/GradArch/index.html
109 http://www.cs.utexas.edu/users/haizhou/technical.html
110 http://www.cs.utexas.edu/users/joshi/cs380d-main.html
111 http://www.cs.utexas.edu/users/kornerup/cs105/pohl_examples
112 http://www.cs.utexas.edu/users/ml/ilp.html
113 http://www.cs.utexas.edu/users/novak/physics.html
114 http://www.cs.utexas.edu/users/UTCS/report/1995/profiles/simmons.html
115 http://www.cs.utexas.edu/users/zchen/
116 http://www.cs.utexas.edu/users/rvdg/intercom/index.html
117 http://www.cs.utexas.edu/docs/classes.html
118 http://www.cs.utexas.edu/users/landrum/mtempire/index.html
119 http://www.cs.utexas.edu/users/zhouxiao/institute.html
120 http://www.cs.utexas.edu/users/zhuqing/
121 http://www.cs.utexas.edu/users/pawang/
122 http://www.dla.utexas.edu/depts/engl/
123 http://www.cs.utexas.edu/users/landrum/MailVirus.html
124 http://www.cs.utexas.edu/users/cxh/family.html
125 http://www.cs.utexas.edu/users/dmcl/research.html
126 http://www.cs.utexas.edu/users/markj/
127 http://www.cs.utexas.edu/users/shenoy/papers.html
128 http://www.cs.utexas.edu/users/UTCS/report/1995/profiles/martin.html
129 http://www.cs.utexas.edu/users/vin/cs380l.html
130 http://www.cs.utexas.edu/users/novak/cs381kasg.html
131 http://www.cs.utexas.edu/users/unicron/
132 http://www.cs.utexas.edu/users/gracs/advice/advice.html
133 http://www.cs.utexas.edu/users/gouda/
134 http://www.cs.utexas.edu/users/markus/
135 http://www.cs.utexas.edu/users/twang/
136 http://wwwhost.cc.utexas.edu/research/vp/news.html
137 http://www.cs.utexas.edu/users/dwip/cs304p/test_sol/midterm1_sol.html
138 http://www.cs.utexas.edu/users/esteban/recreate.html
139 http://www.cs.utexas.edu/users/nimar/bookmarks.html
140 http://www.cs.utexas.edu/users/rupert/research.html
141 http://www.cs.utexas.edu/users/UTCS/report/1995/profiles/gallagher.html
142 http://www.cs.utexas.edu/users/rdb/cs195T/
143 http://www.cs.utexas.edu/users/dastuart/fictiondir/sfdir/
144 http://www.cs.utexas.edu/users/hiep/resume.html
145 http://www.cs.utexas.edu/users/tumlin/res.html
146 http://www.cs.utexas.edu/users/moriarty/
147 http://www.cs.utexas.edu/users/ashis/
148 http://www.cs.utexas.edu/users/pkn/ibm.html
149 http://www.cs.utexas.edu/users/kuipers/
150 http://www.cs.utexas.edu/users/dragon/cs310/
151 http://www.cs.utexas.edu/users/kharker/cyberspace.html
152 http://www.cs.utexas.edu/users/ml/abduction.html
153 http://cism.bus.utexas.edu/course/barua/fall96/course.html
154 http://www.cs.utexas.edu/users/boyer/courses/backup-formal-methods.html
155 http://www.cs.utexas.edu/users/boyer/places.html
156 http://www.cs.utexas.edu/users/chjwang/
157 http://www.cs.utexas.edu/users/clancy/netscape-hotlist.html
158 http://www.cs.utexas.edu/users/gunther/
159 http://www.cs.utexas.edu/users/novak/cs306asg12.html
160 http://www.dla.utexas.edu/depts/philosophy/faculty/causey/main.html
161 http://www.cs.utexas.edu/users/adams/vrml/index.html
162 http://www.cs.utexas.edu/users/bert/research.html
163 http://www.cs.utexas.edu/users/pecina/
164 http://www.cs.utexas.edu/users/qr/papers-QR.html
165 http://www.cs.utexas.edu/users/dianelaw/
166 http://www.cs.utexas.edu/users/landrum/
167 http://www.cs.utexas.edu/users/markng/
168 http://www.cs.utexas.edu/users/sunghee/
169 http://www.cs.utexas.edu/users/code/CodeIntroduction.html
170 http://www.cs.utexas.edu/users/hewett/vita.html
171 http://www.cs.utexas.edu/users/luxue/china.html
172 http://www.cs.utexas.edu/users/novak/cs375asg.html
173 http://www.cs.utexas.edu/users/qr/algernon.html
174 http://www.cs.utexas.edu/users/wchen/
175 http://www.ma.utexas.edu/users/bshults
176 http://www.cs.utexas.edu/users/rvdg/reports.html
177 http://www.cs.utexas.edu/users/qr/robotics.html
178 http://www.cs.utexas.edu/users/boyer/courses/cs395t-spring96.html
179 http://net.cs.utexas.edu/users/kuipers/yellow-pages.html
180 http://www.cs.utexas.edu/users/chaput/catch.html
181 http://www.cs.utexas.edu/docs/personal.html
182 http://www.cs.utexas.edu/users/emmawu/
183 http://www.cs.utexas.edu/users/madhukar/
184 http://www.cs.utexas.edu/users/ml/
185 http://www.cs.utexas.edu/users/novak/cs306asg08.html
186 http://www.cs.utexas.edu/users/novak/weblinks.html
187 http://www.ma.utexas.edu/
188 http://www.cs.utexas.edu/users/fussell/
189 http://www.cs.utexas.edu/users/less/research.html
190 http://wwwhost.cc.utexas.edu/search/
191 http://www.cs.utexas.edu/users/haosun/
192 http://www.cs.utexas.edu/users/nn/
193 http://www.cs.utexas.edu/users/cpg/
194 http://www.cs.utexas.edu/users/twang/resume.html
195 http://www.cs.utexas.edu/users/cthomp/
196 http://www.cs.utexas.edu/users/kharker/vita.html
197 http://www.cs.utexas.edu/users/pkn/
198 http://www.cs.utexas.edu/users/fussell/graintro354.html
199 http://www.cs.utexas.edu/users/yufeng/xw.html
200 http://www.cs.utexas.edu/users/haizhou/
201 http://www.cs.utexas.edu/users/unicron/directory.html
202 http://www.cs.utexas.edu/users/wylee/
203 http://www.cs.utexas.edu/users/wylee/RobotGroup/index.html
204 http://www.cs.utexas.edu/users/UTCS/report/1995/profiles/silberschatz.html
205 http://www.cs.utexas.edu/users/mooney/
206 http://www.cs.utexas.edu/users/boyer/courses/index.html
207 http://www.cs.utexas.edu/users/cad/arch.html
208 http://www.cs.utexas.edu/users/rvdg/schedule.html
209 http://wwwhost.cc.utexas.edu/computer/
210 http://www.utexas.edu
211 http://www.cs.utexas.edu/users/novak/units.html
212 http://wwwhost.cc.utexas.edu/administrative/
213 http://www.cerc.utexas.edu
214 http://www.cs.utexas.edu/users/yufeng/c.html
215 http://www.cs.utexas.edu/users/rvdg/journal.html
216 http://www.cs.utexas.edu/users/emery/
217 http://www.cs.utexas.edu/users/fussell/384gassignment2.html
218 http://www.cs.utexas.edu/users/haizhou/jobs.html
219 http://www.cs.utexas.edu/users/novak/cs306final.html
220 http://www.cs.utexas.edu/users/ejp/research.html
221 http://www.cs.utexas.edu/users/cdj/
222 http://www.cs.utexas.edu/users/clsy/
223 http://www.cs.utexas.edu/users/haizhou/academic.html
224 http://www.cs.utexas.edu/users/hewett/
225 http://www.cs.utexas.edu/users/landrum/Resume.html
226 http://www.cs.utexas.edu/users/lorenzo/
227 http://www.cs.utexas.edu/users/obrien/
228 http://www.cs.utexas.edu/users/oguer/s96/db1/p4.html
229 http://www.cs.utexas.edu/users/yufeng/win.html
230 http://www.cs.utexas.edu/users/marco/links.html
231 http://www.arlut.utexas.edu/~atc
232 http://www.ph.utexas.edu
233 http://www.cs.utexas.edu/users/almstrum/mypages/interesting.html
234 http://www.cs.utexas.edu/users/jbc/home/links.html
235 http://www.cs.utexas.edu/users/bert/
236 http://www.cs.utexas.edu/users/jfang/resume.html
237 http://www.cs.utexas.edu/users/UTCS/report/1995/profiles/jenevein.html
238 http://www.cs.utexas.edu/users/psp/
239 http://www.cs.utexas.edu/users/ssinha/elec_pay.html
240 http://www.cs.utexas.edu/users/hyanbin/
241 http://www.cs.utexas.edu/users/pecina/Resume.html
242 http://www.cs.utexas.edu/users/qr/
243 http://www.che.utexas.edu
244 http://rhine.ece.utexas.edu/~stephenc/autocounter.html
245 http://ccwf.cc.utexas.edu/~hksa/
246 http://www.cs.utexas.edu/
247 http://www.cs.utexas.edu/users/landrum/gglandrum/index.html
248 http://www.cs.utexas.edu/users/lorenzo/private/Maria/maria.html
249 http://www.cs.utexas.edu/users/warshaw/
250 http://www.cs.utexas.edu/users/qr/qsim-users.html
251 http://www.cs.utexas.edu/users/ajohn/publications.html
252 http://www.cs.utexas.edu/users/sammy/pla/sign-in.html
253 http://www.cs.utexas.edu/users/qiming/
254 http://www.cs.utexas.edu/users/son/
255 http://www.cs.utexas.edu/users/mooney/ml-course/welcome.html
256 http://www.cs.utexas.edu/users/lavender/CS378/Fall96/programs/index.html
257 http://www.utexas.edu/students/acccf/
258 http://www.cs.utexas.edu/users/twang/cs387h/index.html
259 http://www.cs.utexas.edu/users/dwip/
260 http://www.cs.utexas.edu/users/lam/NRL/
261 http://www.cs.utexas.edu/users/jbednar/hotlist.html
262 http://www.cs.utexas.edu/users/yangyang/cs352/hw1.html
263 http://www.cs.utexas.edu/users/rraj/misc.html
264 http://www.cs.utexas.edu/users/pete/syllabus.html
265 http://www.cs.utexas.edu/docs/research.html
266 http://www.cs.utexas.edu/users/bayardo/
267 http://www.cs.utexas.edu/users/vin/cs384m.html
268 http://www.cs.utexas.edu/users/ckwong/Java/security/index.html
269 http://www.cs.utexas.edu/users/hewett/others.html
270 http://www.cs.utexas.edu/users/shma/hwv.html
271 http://www.cs.utexas.edu/users/yschoe/
272 http://www.cs.utexas.edu/users/novak/cs395t.html
273 ftp://ftp.cs.utexas.edu/pub/fussell/tkbook
274 http://www.cs.utexas.edu/users/vbb/eosdis-bm.html
275 http://www.cs.utexas.edu/users/zhouxiao/
276 http://www.cs.utexas.edu/users/rhwang/
277 http://www.cs.utexas.edu/users/sawada/ACL2/acl2-doc.html
278 http://www.cs.utexas.edu/users/kharker/rockets.html
279 http://www.cs.utexas.edu/users/boyer/publications.html
280 http://www.cs.utexas.edu/users/xguo/Photo/
281 http://www.cs.utexas.edu/users/yangyang/cs352/
282 http://www.cs.utexas.edu/users/fussell/lab.html
283 http://www.ece.utexas.edu
284 http://www.cs.utexas.edu/users/almstrum/classes/cs336/fall96/
285 http://www.cs.utexas.edu/users/twang/friend_th.html
286 http://www.cs.utexas.edu/users/ml/chillin.html
287 http://www.cs.utexas.edu/users/kharker/radio.html
288 http://www.cs.utexas.edu/users/kharker/info.html
289 http://www.cs.utexas.edu/users/markus/uv/uv.html
290 http://www.cs.utexas.edu/users/francois/
291 http://www.cs.utexas.edu/users/yonglu/
292 http://www.cs.utexas.edu/users/nn/web-pubs/htmlbook96/sirosh/
293 http://www.cs.utexas.edu/users/kuipers/agents.html
294 http://www.cs.utexas.edu/users/wilson/cs345.html
295 http://www.cs.utexas.edu/users/smaragd/research.html
296 http://www.cs.utexas.edu/users/ruweihu/
297 http://www.cs.utexas.edu/users/esteban/
298 http://www.ma.utexas.edu/users/bshults/ATP/
299 http://www.cs.utexas.edu/users/dwip/cs304p/ta_lec_dis_schedule.html
300 http://www.cs.utexas.edu/users/canfield/
301 http://www.cs.utexas.edu/users/kornerup/
302 http://www.cs.utexas.edu/users/code/CODE-HPCwire-article.html
303 http://www.cs.utexas.edu/users/gzhang/
304 http://www.cs.utexas.edu/users/chuang/
305 http://www.cs.utexas.edu/users/novak/papers.html
306 http://www.cs.utexas.edu/docs/webinfo.html
307 http://www.cs.utexas.edu/users/adams/hh-page.html
308 http://www.cs.utexas.edu/users/dwip/cs304p/discussions/programming_in_prolog.html
309 http://www.cs.utexas.edu/users/misra/
310 http://www.cs.utexas.edu/users/mwbarnes/GoodPages.html
311 http://www.cs.utexas.edu/users/oops/
312 http://www.cs.utexas.edu/users/landrum/cgi/Convention.cgi
313 http://www.cs.utexas.edu/docs/publications.html
314 http://www.cs.utexas.edu/users/dastuart/das.html
315 http://www.cs.utexas.edu/users/rvdg/conference.html
316 http://www.cs.utexas.edu/users/psp/seuss-overview.html
317 http://www.cs.utexas.edu/users/rupert/
318 http://www.cs.utexas.edu/users/markng/cubsden.html
319 http://www.cs.utexas.edu/users/eremolin/
320 http://www.cs.utexas.edu/users/ejp/
321 http://www.cs.utexas.edu/users/gajit/files/index.html
322 http://www.cs.utexas.edu/users/jbednar/papers.html
323 http://www.cs.utexas.edu/users/mecaliff/
324 http://www.cs.utexas.edu/users/mfkb/
325 http://www.cs.utexas.edu/users/nn/pages/archives/archives.html
326 http://www.cs.utexas.edu/users/rvdg/family.html
327 http://www.cs.utexas.edu/users/sfkaplan/cs378.html
328 http://www.cs.utexas.edu/users/sriram/images.html
329 http://www.cs.utexas.edu/users/sriram/other-sites.html
330 http://www.cs.utexas.edu/users/walkerh/
331 http://www.cs.utexas.edu/users/dastuart/fictiondir/
332 http://www.cs.utexas.edu/users/dastuart/places/video.html
333 http://www.cs.utexas.edu/users/kharker/academics.html
334 http://www.cs.utexas.edu/users/isheldon/
335 http://www.cs.utexas.edu/users/dwip/cs304p/study_guide.html
336 http://www.cs.utexas.edu/users/gunnels/
337 http://www.cs.utexas.edu/users/ml/neither.html
338 http://www.cs.utexas.edu/users/sammy/
339 http://www.cs.utexas.edu/users/gajit/
340 http://www.cs.utexas.edu/users/linz/
341 http://www.cs.utexas.edu/users/lwerth/
342 http://www.cs.utexas.edu/users/wylee/rcacing.html
343 http://www.cs.utexas.edu/users/nn/pages/info-sources/info-sources.html
344 http://www.cs.utexas.edu/users/dahlin/root.html
345 http://www.cs.utexas.edu/users/markj/somerset.html
346 http://www.cs.utexas.edu/users/yau/
347 http://www.cs.utexas.edu/users/wylee/my-phd-proposal-abstract.html
348 http://www.cs.utexas.edu/users/ulf/
349 http://www.cs.utexas.edu/users/qr/QR-overview.html
350 http://www.lib.utexas.edu/
351 http://www.cs.utexas.edu/users/ulf/additional.html
352 http://www.cs.utexas.edu/users/risto/
353 http://www.cs.utexas.edu/docs/grad.html
354 http://www.cs.utexas.edu/users/svkakkad/
355 http://www.cs.utexas.edu/users/estlin/
356 http://www.cs.utexas.edu/users/hudson/
357 http://www.utexas.edu/maps/main/buildings/tay.html
358 http://www.cs.utexas.edu/users/dastuart/
359 http://www.cs.utexas.edu/docs/prof.html
360 http://www.cs.utexas.edu/users/nl-acq/
361 http://www.cs.utexas.edu/users/ai-lab/
362 http://www.cs.utexas.edu/users/psp/unity.html
363 http://www.cs.utexas.edu/users/yufeng/professor.html
364 http://www.cs.utexas.edu/users/novak/cs304p.html
365 http://www.cs.utexas.edu/users/novak/cs306asg05.html
366 http://wwwhost.cc.utexas.edu/research/prjadm/index.html
367 http://wwwhost.cc.utexas.edu/research/osp/
368 http://www.cs.utexas.edu/users/novak/cgi/drawdemo
369 http://www.cs.utexas.edu/users/novak/dwindow.html
370 http://www.cs.utexas.edu/users/dwip/cs304p/tas.html
371 http://www.cs.utexas.edu/users/dwip/cs304p/ta_offhrs.html
372 http://www.cs.utexas.edu/users/sfkaplan/
